
> angular@0.0.0 start
> ng serve --host 0.0.0.0  --no-hmr --disable-host-check --port 3000

Warning: Running a server with --disable-host-check is a security risk. See https://medium.com/webpack/webpack-dev-server-middleware-security-issues-1489d950874a for more information.
The "disableHostCheck" option will not be used because it is not supported by the "@angular-devkit/build-angular:application" builder.
❯ Building...
✔ Building...
Browser bundles     
Initial chunk files  | Names            |  Raw size
polyfills.js         | polyfills        |  90.20 kB | 
main.js              | main             |  22.59 kB | 
styles.css           | styles           |  95 bytes | 

                     | Initial total    | 112.88 kB


Server bundles      
Initial chunk files  | Names            |  Raw size
polyfills.server.mjs | polyfills.server | 572.91 kB | 
chunk-6XEG6CM6.mjs   | -                |  23.02 kB | 
server.mjs           | server           |   1.39 kB | 
main.server.mjs      | main.server      | 800 bytes | 

Application bundle generation complete. [2.301 seconds]

Watch mode enabled. Watching for file changes...
NOTE: Raw file sizes do not reflect development server per-request transformations.
  ➜  Local:   http://localhost:3000/
  ➜  Network: http://172.17.0.2:3000/
❯ Changes detected. Rebuilding...
✔ Changes detected. Rebuilding...
Application bundle generation failed. [0.610 seconds]

▲ [WARNING] NG8103: The `*ngFor` directive was used in the template, but neither the `NgFor` directive nor the `CommonModule` was imported. Use Angular's built-in control flow @for or make sure that either the `NgFor` directive or the `CommonModule` is included in the `@Component.imports` array of this component. [plugin angular-compiler]

    src/app/noteease-main.component.html:14:7:
      14 │       *ngFor="let cat of categories"
         ╵        ~~~~~

  Error occurs in the template of component NoteeaseMainComponent.

    src/app/noteease-main.component.ts:17:15:
      17 │   templateUrl: './noteease-main.component.html',
         ╵                ~~~~~~~~~~~~~~~~~~~~~~~~~~~~~~~~


▲ [WARNING] NG8103: The `*ngFor` directive was used in the template, but neither the `NgFor` directive nor the `CommonModule` was imported. Use Angular's built-in control flow @for or make sure that either the `NgFor` directive or the `CommonModule` is included in the `@Component.imports` array of this component. [plugin angular-compiler]

    src/app/noteease-main.component.html:31:7:
      31 │       *ngFor="let note of filteredNotes"
         ╵        ~~~~~

  Error occurs in the template of component NoteeaseMainComponent.

    src/app/noteease-main.component.ts:17:15:
      17 │   templateUrl: './noteease-main.component.html',
         ╵                ~~~~~~~~~~~~~~~~~~~~~~~~~~~~~~~~


▲ [WARNING] NG8103: The `*ngIf` directive was used in the template, but neither the `NgIf` directive nor the `CommonModule` was imported. Use Angular's built-in control flow @if or make sure that either the `NgIf` directive or the `CommonModule` is included in the `@Component.imports` array of this component. [plugin angular-compiler]

    src/app/noteease-main.component.html:47:10:
      47 │     <div *ngIf="filteredNotes.length === 0" class="no-notes">
         ╵           ~~~~

  Error occurs in the template of component NoteeaseMainComponent.

    src/app/noteease-main.component.ts:17:15:
      17 │   templateUrl: './noteease-main.component.html',
         ╵                ~~~~~~~~~~~~~~~~~~~~~~~~~~~~~~~~


▲ [WARNING] NG8103: The `*ngIf` directive was used in the template, but neither the `NgIf` directive nor the `CommonModule` was imported. Use Angular's built-in control flow @if or make sure that either the `NgIf` directive or the `CommonModule` is included in the `@Component.imports` array of this component. [plugin angular-compiler]

    src/app/noteease-main.component.html:62:30:
      62 │   <div class="modal-overlay" *ngIf="showNoteDialog">
         ╵                               ~~~~

  Error occurs in the template of component NoteeaseMainComponent.

    src/app/noteease-main.component.ts:17:15:
      17 │   templateUrl: './noteease-main.component.html',
         ╵                ~~~~~~~~~~~~~~~~~~~~~~~~~~~~~~~~


▲ [WARNING] NG8103: The `*ngFor` directive was used in the template, but neither the `NgFor` directive nor the `CommonModule` was imported. Use Angular's built-in control flow @for or make sure that either the `NgFor` directive or the `CommonModule` is included in the `@Component.imports` array of this component. [plugin angular-compiler]

    src/app/noteease-main.component.html:90:19:
      90 │           <option *ngFor="let cat of categories" [value]="cat">
         ╵                    ~~~~~

  Error occurs in the template of component NoteeaseMainComponent.

    src/app/noteease-main.component.ts:17:15:
      17 │   templateUrl: './noteease-main.component.html',
         ╵                ~~~~~~~~~~~~~~~~~~~~~~~~~~~~~~~~


▲ [WARNING] NG8103: The `*ngIf` directive was used in the template, but neither the `NgIf` directive nor the `CommonModule` was imported. Use Angular's built-in control flow @if or make sure that either the `NgIf` directive or the `CommonModule` is included in the `@Component.imports` array of this component. [plugin angular-compiler]

    src/app/noteease-main.component.html:97:52:
      97 │ ...="button" class="delete-btn" *ngIf="!isCreatingNew" (click)="de...
         ╵                                  ~~~~

  Error occurs in the template of component NoteeaseMainComponent.

    src/app/noteease-main.component.ts:17:15:
      17 │   templateUrl: './noteease-main.component.html',
         ╵                ~~~~~~~~~~~~~~~~~~~~~~~~~~~~~~~~


✘ [ERROR] NG8002: Can't bind to 'ngModel' since it isn't a known property of 'input'. [plugin angular-compiler]

    src/app/noteease-main.component.html:7:6:
      7 │       [(ngModel)]="searchText"
        ╵       ~~~~~~~~~~~~~~~~~~~~~~~~

  Error occurs in the template of component NoteeaseMainComponent.

    src/app/noteease-main.component.ts:17:15:
      17 │   templateUrl: './noteease-main.component.html',
         ╵                ~~~~~~~~~~~~~~~~~~~~~~~~~~~~~~~~


✘ [ERROR] NG1: Object is possibly 'null'. [plugin angular-compiler]

    src/app/noteease-main.component.html:24:49:
      24 │ ....enter)="addCategory($event.target.value); $event.target.value=''"
         ╵                                       ~~~~~

  Error occurs in the template of component NoteeaseMainComponent.

    src/app/noteease-main.component.ts:17:15:
      17 │   templateUrl: './noteease-main.component.html',
         ╵                ~~~~~~~~~~~~~~~~~~~~~~~~~~~~~~~~


✘ [ERROR] NG9: Property 'value' does not exist on type 'EventTarget'. [plugin angular-compiler]

    src/app/noteease-main.component.html:24:49:
      24 │ ....enter)="addCategory($event.target.value); $event.target.value=''"
         ╵                                       ~~~~~

  Error occurs in the template of component NoteeaseMainComponent.

    src/app/noteease-main.component.ts:17:15:
      17 │   templateUrl: './noteease-main.component.html',
         ╵                ~~~~~~~~~~~~~~~~~~~~~~~~~~~~~~~~


✘ [ERROR] NG1: Object is possibly 'null'. [plugin angular-compiler]

    src/app/noteease-main.component.html:24:71:
      24 │ ....enter)="addCategory($event.target.value); $event.target.value=''"
         ╵                                                             ~~~~~

  Error occurs in the template of component NoteeaseMainComponent.

    src/app/noteease-main.component.ts:17:15:
      17 │   templateUrl: './noteease-main.component.html',
         ╵                ~~~~~~~~~~~~~~~~~~~~~~~~~~~~~~~~


✘ [ERROR] NG9: Property 'value' does not exist on type 'EventTarget'. [plugin angular-compiler]

    src/app/noteease-main.component.html:24:71:
      24 │ ....enter)="addCategory($event.target.value); $event.target.value=''"
         ╵                                                             ~~~~~

  Error occurs in the template of component NoteeaseMainComponent.

    src/app/noteease-main.component.ts:17:15:
      17 │   templateUrl: './noteease-main.component.html',
         ╵                ~~~~~~~~~~~~~~~~~~~~~~~~~~~~~~~~


✘ [ERROR] NG8004: No pipe found with name 'date'. [plugin angular-compiler]

    src/app/noteease-main.component.html:40:51:
      40 │ ...iv class="note-date">{{ note.updatedAt | date:'shortDate' }}</div>
         ╵                                             ~~~~

  Error occurs in the template of component NoteeaseMainComponent.

    src/app/noteease-main.component.ts:17:15:
      17 │   templateUrl: './noteease-main.component.html',
         ╵                ~~~~~~~~~~~~~~~~~~~~~~~~~~~~~~~~


✘ [ERROR] NG8004: No pipe found with name 'slice'. [plugin angular-compiler]

    src/app/noteease-main.component.html:44:54:
      44 │ ...ength > 80 ? (note.content | slice:0:78) + '...' : note.content }}
         ╵                                 ~~~~~

  Error occurs in the template of component NoteeaseMainComponent.

    src/app/noteease-main.component.ts:17:15:
      17 │   templateUrl: './noteease-main.component.html',
         ╵                ~~~~~~~~~~~~~~~~~~~~~~~~~~~~~~~~


✘ [ERROR] NG8002: Can't bind to 'ngModel' since it isn't a known property of 'input'. [plugin angular-compiler]

    src/app/noteease-main.component.html:69:10:
      69 │           [(ngModel)]="editingNote.title"
         ╵           ~~~~~~~~~~~~~~~~~~~~~~~~~~~~~~~

  Error occurs in the template of component NoteeaseMainComponent.

    src/app/noteease-main.component.ts:17:15:
      17 │   templateUrl: './noteease-main.component.html',
         ╵                ~~~~~~~~~~~~~~~~~~~~~~~~~~~~~~~~


✘ [ERROR] NG1: Object is possibly 'null'. [plugin angular-compiler]

    src/app/noteease-main.component.html:69:35:
      69 │           [(ngModel)]="editingNote.title"
         ╵                                    ~~~~~

  Error occurs in the template of component NoteeaseMainComponent.

    src/app/noteease-main.component.ts:17:15:
      17 │   templateUrl: './noteease-main.component.html',
         ╵                ~~~~~~~~~~~~~~~~~~~~~~~~~~~~~~~~


✘ [ERROR] NG1: Object is possibly 'null'. [plugin angular-compiler]

    src/app/noteease-main.component.html:69:35:
      69 │           [(ngModel)]="editingNote.title"
         ╵                                    ~~~~~

  Error occurs in the template of component NoteeaseMainComponent.

    src/app/noteease-main.component.ts:17:15:
      17 │   templateUrl: './noteease-main.component.html',
         ╵                ~~~~~~~~~~~~~~~~~~~~~~~~~~~~~~~~


✘ [ERROR] NG8002: Can't bind to 'ngModel' since it isn't a known property of 'textarea'. [plugin angular-compiler]

    src/app/noteease-main.component.html:77:10:
      77 │           [(ngModel)]="editingNote.content"
         ╵           ~~~~~~~~~~~~~~~~~~~~~~~~~~~~~~~~~

  Error occurs in the template of component NoteeaseMainComponent.

    src/app/noteease-main.component.ts:17:15:
      17 │   templateUrl: './noteease-main.component.html',
         ╵                ~~~~~~~~~~~~~~~~~~~~~~~~~~~~~~~~


✘ [ERROR] NG1: Object is possibly 'null'. [plugin angular-compiler]

    src/app/noteease-main.component.html:77:35:
      77 │           [(ngModel)]="editingNote.content"
         ╵                                    ~~~~~~~

  Error occurs in the template of component NoteeaseMainComponent.

    src/app/noteease-main.component.ts:17:15:
      17 │   templateUrl: './noteease-main.component.html',
         ╵                ~~~~~~~~~~~~~~~~~~~~~~~~~~~~~~~~


✘ [ERROR] NG1: Object is possibly 'null'. [plugin angular-compiler]

    src/app/noteease-main.component.html:77:35:
      77 │           [(ngModel)]="editingNote.content"
         ╵                                    ~~~~~~~

  Error occurs in the template of component NoteeaseMainComponent.

    src/app/noteease-main.component.ts:17:15:
      17 │   templateUrl: './noteease-main.component.html',
         ╵                ~~~~~~~~~~~~~~~~~~~~~~~~~~~~~~~~


✘ [ERROR] NG8002: Can't bind to 'ngModel' since it isn't a known property of 'select'. [plugin angular-compiler]

    src/app/noteease-main.component.html:86:10:
      86 │           [(ngModel)]="editingNote.category"
         ╵           ~~~~~~~~~~~~~~~~~~~~~~~~~~~~~~~~~~

  Error occurs in the template of component NoteeaseMainComponent.

    src/app/noteease-main.component.ts:17:15:
      17 │   templateUrl: './noteease-main.component.html',
         ╵                ~~~~~~~~~~~~~~~~~~~~~~~~~~~~~~~~


✘ [ERROR] NG1: Object is possibly 'null'. [plugin angular-compiler]

    src/app/noteease-main.component.html:86:35:
      86 │           [(ngModel)]="editingNote.category"
         ╵                                    ~~~~~~~~

  Error occurs in the template of component NoteeaseMainComponent.

    src/app/noteease-main.component.ts:17:15:
      17 │   templateUrl: './noteease-main.component.html',
         ╵                ~~~~~~~~~~~~~~~~~~~~~~~~~~~~~~~~


✘ [ERROR] NG1: Object is possibly 'null'. [plugin angular-compiler]

    src/app/noteease-main.component.html:86:35:
      86 │           [(ngModel)]="editingNote.category"
         ╵                                    ~~~~~~~~

  Error occurs in the template of component NoteeaseMainComponent.

    src/app/noteease-main.component.ts:17:15:
      17 │   templateUrl: './noteease-main.component.html',
         ╵                ~~~~~~~~~~~~~~~~~~~~~~~~~~~~~~~~


✘ [ERROR] NG5: Argument of type 'Note | null' is not assignable to parameter of type 'Note'.
  Type 'null' is not assignable to type 'Note'. [plugin angular-compiler]

    src/app/noteease-main.component.html:97:94:
      97 │ ..."!isCreatingNew" (click)="deleteNote(editingNote)">Delete</button>
         ╵                                         ~~~~~~~~~~~

  Error occurs in the template of component NoteeaseMainComponent.

    src/app/noteease-main.component.ts:17:15:
      17 │   templateUrl: './noteease-main.component.html',
         ╵                ~~~~~~~~~~~~~~~~~~~~~~~~~~~~~~~~


❯ Changes detected. Rebuilding...
✔ Changes detected. Rebuilding...
Application bundle generation failed. [0.384 seconds]

▲ [WARNING] NG8103: The `*ngFor` directive was used in the template, but neither the `NgFor` directive nor the `CommonModule` was imported. Use Angular's built-in control flow @for or make sure that either the `NgFor` directive or the `CommonModule` is included in the `@Component.imports` array of this component. [plugin angular-compiler]

    src/app/noteease-main.component.html:14:7:
      14 │       *ngFor="let cat of categories"
         ╵        ~~~~~

  Error occurs in the template of component NoteeaseMainComponent.

    src/app/noteease-main.component.ts:17:15:
      17 │   templateUrl: './noteease-main.component.html',
         ╵                ~~~~~~~~~~~~~~~~~~~~~~~~~~~~~~~~


▲ [WARNING] NG8103: The `*ngFor` directive was used in the template, but neither the `NgFor` directive nor the `CommonModule` was imported. Use Angular's built-in control flow @for or make sure that either the `NgFor` directive or the `CommonModule` is included in the `@Component.imports` array of this component. [plugin angular-compiler]

    src/app/noteease-main.component.html:31:7:
      31 │       *ngFor="let note of filteredNotes"
         ╵        ~~~~~

  Error occurs in the template of component NoteeaseMainComponent.

    src/app/noteease-main.component.ts:17:15:
      17 │   templateUrl: './noteease-main.component.html',
         ╵                ~~~~~~~~~~~~~~~~~~~~~~~~~~~~~~~~


▲ [WARNING] NG8103: The `*ngIf` directive was used in the template, but neither the `NgIf` directive nor the `CommonModule` was imported. Use Angular's built-in control flow @if or make sure that either the `NgIf` directive or the `CommonModule` is included in the `@Component.imports` array of this component. [plugin angular-compiler]

    src/app/noteease-main.component.html:47:10:
      47 │     <div *ngIf="filteredNotes.length === 0" class="no-notes">
         ╵           ~~~~

  Error occurs in the template of component NoteeaseMainComponent.

    src/app/noteease-main.component.ts:17:15:
      17 │   templateUrl: './noteease-main.component.html',
         ╵                ~~~~~~~~~~~~~~~~~~~~~~~~~~~~~~~~


▲ [WARNING] NG8103: The `*ngIf` directive was used in the template, but neither the `NgIf` directive nor the `CommonModule` was imported. Use Angular's built-in control flow @if or make sure that either the `NgIf` directive or the `CommonModule` is included in the `@Component.imports` array of this component. [plugin angular-compiler]

    src/app/noteease-main.component.html:62:30:
      62 │   <div class="modal-overlay" *ngIf="showNoteDialog">
         ╵                               ~~~~

  Error occurs in the template of component NoteeaseMainComponent.

    src/app/noteease-main.component.ts:17:15:
      17 │   templateUrl: './noteease-main.component.html',
         ╵                ~~~~~~~~~~~~~~~~~~~~~~~~~~~~~~~~


▲ [WARNING] NG8103: The `*ngFor` directive was used in the template, but neither the `NgFor` directive nor the `CommonModule` was imported. Use Angular's built-in control flow @for or make sure that either the `NgFor` directive or the `CommonModule` is included in the `@Component.imports` array of this component. [plugin angular-compiler]

    src/app/noteease-main.component.html:90:19:
      90 │           <option *ngFor="let cat of categories" [value]="cat">
         ╵                    ~~~~~

  Error occurs in the template of component NoteeaseMainComponent.

    src/app/noteease-main.component.ts:17:15:
      17 │   templateUrl: './noteease-main.component.html',
         ╵                ~~~~~~~~~~~~~~~~~~~~~~~~~~~~~~~~


▲ [WARNING] NG8103: The `*ngIf` directive was used in the template, but neither the `NgIf` directive nor the `CommonModule` was imported. Use Angular's built-in control flow @if or make sure that either the `NgIf` directive or the `CommonModule` is included in the `@Component.imports` array of this component. [plugin angular-compiler]

    src/app/noteease-main.component.html:97:52:
      97 │ ...="button" class="delete-btn" *ngIf="!isCreatingNew" (click)="de...
         ╵                                  ~~~~

  Error occurs in the template of component NoteeaseMainComponent.

    src/app/noteease-main.component.ts:17:15:
      17 │   templateUrl: './noteease-main.component.html',
         ╵                ~~~~~~~~~~~~~~~~~~~~~~~~~~~~~~~~


✘ [ERROR] NG8002: Can't bind to 'ngModel' since it isn't a known property of 'input'. [plugin angular-compiler]

    src/app/noteease-main.component.html:7:6:
      7 │       [(ngModel)]="searchText"
        ╵       ~~~~~~~~~~~~~~~~~~~~~~~~

  Error occurs in the template of component NoteeaseMainComponent.

    src/app/noteease-main.component.ts:17:15:
      17 │   templateUrl: './noteease-main.component.html',
         ╵                ~~~~~~~~~~~~~~~~~~~~~~~~~~~~~~~~


✘ [ERROR] NG1: Object is possibly 'null'. [plugin angular-compiler]

    src/app/noteease-main.component.html:24:49:
      24 │ ....enter)="addCategory($event.target.value); $event.target.value=''"
         ╵                                       ~~~~~

  Error occurs in the template of component NoteeaseMainComponent.

    src/app/noteease-main.component.ts:17:15:
      17 │   templateUrl: './noteease-main.component.html',
         ╵                ~~~~~~~~~~~~~~~~~~~~~~~~~~~~~~~~


✘ [ERROR] NG9: Property 'value' does not exist on type 'EventTarget'. [plugin angular-compiler]

    src/app/noteease-main.component.html:24:49:
      24 │ ....enter)="addCategory($event.target.value); $event.target.value=''"
         ╵                                       ~~~~~

  Error occurs in the template of component NoteeaseMainComponent.

    src/app/noteease-main.component.ts:17:15:
      17 │   templateUrl: './noteease-main.component.html',
         ╵                ~~~~~~~~~~~~~~~~~~~~~~~~~~~~~~~~


✘ [ERROR] NG1: Object is possibly 'null'. [plugin angular-compiler]

    src/app/noteease-main.component.html:24:71:
      24 │ ....enter)="addCategory($event.target.value); $event.target.value=''"
         ╵                                                             ~~~~~

  Error occurs in the template of component NoteeaseMainComponent.

    src/app/noteease-main.component.ts:17:15:
      17 │   templateUrl: './noteease-main.component.html',
         ╵                ~~~~~~~~~~~~~~~~~~~~~~~~~~~~~~~~


✘ [ERROR] NG9: Property 'value' does not exist on type 'EventTarget'. [plugin angular-compiler]

    src/app/noteease-main.component.html:24:71:
      24 │ ....enter)="addCategory($event.target.value); $event.target.value=''"
         ╵                                                             ~~~~~

  Error occurs in the template of component NoteeaseMainComponent.

    src/app/noteease-main.component.ts:17:15:
      17 │   templateUrl: './noteease-main.component.html',
         ╵                ~~~~~~~~~~~~~~~~~~~~~~~~~~~~~~~~


✘ [ERROR] NG8004: No pipe found with name 'date'. [plugin angular-compiler]

    src/app/noteease-main.component.html:40:51:
      40 │ ...iv class="note-date">{{ note.updatedAt | date:'shortDate' }}</div>
         ╵                                             ~~~~

  Error occurs in the template of component NoteeaseMainComponent.

    src/app/noteease-main.component.ts:17:15:
      17 │   templateUrl: './noteease-main.component.html',
         ╵                ~~~~~~~~~~~~~~~~~~~~~~~~~~~~~~~~


✘ [ERROR] NG8004: No pipe found with name 'slice'. [plugin angular-compiler]

    src/app/noteease-main.component.html:44:54:
      44 │ ...ength > 80 ? (note.content | slice:0:78) + '...' : note.content }}
         ╵                                 ~~~~~

  Error occurs in the template of component NoteeaseMainComponent.

    src/app/noteease-main.component.ts:17:15:
      17 │   templateUrl: './noteease-main.component.html',
         ╵                ~~~~~~~~~~~~~~~~~~~~~~~~~~~~~~~~


✘ [ERROR] NG8002: Can't bind to 'ngModel' since it isn't a known property of 'input'. [plugin angular-compiler]

    src/app/noteease-main.component.html:69:10:
      69 │           [(ngModel)]="editingNote.title"
         ╵           ~~~~~~~~~~~~~~~~~~~~~~~~~~~~~~~

  Error occurs in the template of component NoteeaseMainComponent.

    src/app/noteease-main.component.ts:17:15:
      17 │   templateUrl: './noteease-main.component.html',
         ╵                ~~~~~~~~~~~~~~~~~~~~~~~~~~~~~~~~


✘ [ERROR] NG1: Object is possibly 'null'. [plugin angular-compiler]

    src/app/noteease-main.component.html:69:35:
      69 │           [(ngModel)]="editingNote.title"
         ╵                                    ~~~~~

  Error occurs in the template of component NoteeaseMainComponent.

    src/app/noteease-main.component.ts:17:15:
      17 │   templateUrl: './noteease-main.component.html',
         ╵                ~~~~~~~~~~~~~~~~~~~~~~~~~~~~~~~~


✘ [ERROR] NG1: Object is possibly 'null'. [plugin angular-compiler]

    src/app/noteease-main.component.html:69:35:
      69 │           [(ngModel)]="editingNote.title"
         ╵                                    ~~~~~

  Error occurs in the template of component NoteeaseMainComponent.

    src/app/noteease-main.component.ts:17:15:
      17 │   templateUrl: './noteease-main.component.html',
         ╵                ~~~~~~~~~~~~~~~~~~~~~~~~~~~~~~~~


✘ [ERROR] NG8002: Can't bind to 'ngModel' since it isn't a known property of 'textarea'. [plugin angular-compiler]

    src/app/noteease-main.component.html:77:10:
      77 │           [(ngModel)]="editingNote.content"
         ╵           ~~~~~~~~~~~~~~~~~~~~~~~~~~~~~~~~~

  Error occurs in the template of component NoteeaseMainComponent.

    src/app/noteease-main.component.ts:17:15:
      17 │   templateUrl: './noteease-main.component.html',
         ╵                ~~~~~~~~~~~~~~~~~~~~~~~~~~~~~~~~


✘ [ERROR] NG1: Object is possibly 'null'. [plugin angular-compiler]

    src/app/noteease-main.component.html:77:35:
      77 │           [(ngModel)]="editingNote.content"
         ╵                                    ~~~~~~~

  Error occurs in the template of component NoteeaseMainComponent.

    src/app/noteease-main.component.ts:17:15:
      17 │   templateUrl: './noteease-main.component.html',
         ╵                ~~~~~~~~~~~~~~~~~~~~~~~~~~~~~~~~


✘ [ERROR] NG1: Object is possibly 'null'. [plugin angular-compiler]

    src/app/noteease-main.component.html:77:35:
      77 │           [(ngModel)]="editingNote.content"
         ╵                                    ~~~~~~~

  Error occurs in the template of component NoteeaseMainComponent.

    src/app/noteease-main.component.ts:17:15:
      17 │   templateUrl: './noteease-main.component.html',
         ╵                ~~~~~~~~~~~~~~~~~~~~~~~~~~~~~~~~


✘ [ERROR] NG8002: Can't bind to 'ngModel' since it isn't a known property of 'select'. [plugin angular-compiler]

    src/app/noteease-main.component.html:86:10:
      86 │           [(ngModel)]="editingNote.category"
         ╵           ~~~~~~~~~~~~~~~~~~~~~~~~~~~~~~~~~~

  Error occurs in the template of component NoteeaseMainComponent.

    src/app/noteease-main.component.ts:17:15:
      17 │   templateUrl: './noteease-main.component.html',
         ╵                ~~~~~~~~~~~~~~~~~~~~~~~~~~~~~~~~


✘ [ERROR] NG1: Object is possibly 'null'. [plugin angular-compiler]

    src/app/noteease-main.component.html:86:35:
      86 │           [(ngModel)]="editingNote.category"
         ╵                                    ~~~~~~~~

  Error occurs in the template of component NoteeaseMainComponent.

    src/app/noteease-main.component.ts:17:15:
      17 │   templateUrl: './noteease-main.component.html',
         ╵                ~~~~~~~~~~~~~~~~~~~~~~~~~~~~~~~~


✘ [ERROR] NG1: Object is possibly 'null'. [plugin angular-compiler]

    src/app/noteease-main.component.html:86:35:
      86 │           [(ngModel)]="editingNote.category"
         ╵                                    ~~~~~~~~

  Error occurs in the template of component NoteeaseMainComponent.

    src/app/noteease-main.component.ts:17:15:
      17 │   templateUrl: './noteease-main.component.html',
         ╵                ~~~~~~~~~~~~~~~~~~~~~~~~~~~~~~~~


✘ [ERROR] NG5: Argument of type 'Note | null' is not assignable to parameter of type 'Note'.
  Type 'null' is not assignable to type 'Note'. [plugin angular-compiler]

    src/app/noteease-main.component.html:97:94:
      97 │ ..."!isCreatingNew" (click)="deleteNote(editingNote)">Delete</button>
         ╵                                         ~~~~~~~~~~~

  Error occurs in the template of component NoteeaseMainComponent.

    src/app/noteease-main.component.ts:17:15:
      17 │   templateUrl: './noteease-main.component.html',
         ╵                ~~~~~~~~~~~~~~~~~~~~~~~~~~~~~~~~


❯ Changes detected. Rebuilding...
✔ Changes detected. Rebuilding...
Application bundle generation failed. [0.579 seconds]

✘ [ERROR] NG1: Object is possibly 'null'. [plugin angular-compiler]

    src/app/noteease-main.component.html:24:49:
      24 │ ....enter)="addCategory($event.target.value); $event.target.value=''"
         ╵                                       ~~~~~

  Error occurs in the template of component NoteeaseMainComponent.

    src/app/noteease-main.component.ts:20:15:
      20 │   templateUrl: './noteease-main.component.html',
         ╵                ~~~~~~~~~~~~~~~~~~~~~~~~~~~~~~~~


✘ [ERROR] NG9: Property 'value' does not exist on type 'EventTarget'. [plugin angular-compiler]

    src/app/noteease-main.component.html:24:49:
      24 │ ....enter)="addCategory($event.target.value); $event.target.value=''"
         ╵                                       ~~~~~

  Error occurs in the template of component NoteeaseMainComponent.

    src/app/noteease-main.component.ts:20:15:
      20 │   templateUrl: './noteease-main.component.html',
         ╵                ~~~~~~~~~~~~~~~~~~~~~~~~~~~~~~~~


✘ [ERROR] NG1: Object is possibly 'null'. [plugin angular-compiler]

    src/app/noteease-main.component.html:24:71:
      24 │ ....enter)="addCategory($event.target.value); $event.target.value=''"
         ╵                                                             ~~~~~

  Error occurs in the template of component NoteeaseMainComponent.

    src/app/noteease-main.component.ts:20:15:
      20 │   templateUrl: './noteease-main.component.html',
         ╵                ~~~~~~~~~~~~~~~~~~~~~~~~~~~~~~~~


✘ [ERROR] NG9: Property 'value' does not exist on type 'EventTarget'. [plugin angular-compiler]

    src/app/noteease-main.component.html:24:71:
      24 │ ....enter)="addCategory($event.target.value); $event.target.value=''"
         ╵                                                             ~~~~~

  Error occurs in the template of component NoteeaseMainComponent.

    src/app/noteease-main.component.ts:20:15:
      20 │   templateUrl: './noteease-main.component.html',
         ╵                ~~~~~~~~~~~~~~~~~~~~~~~~~~~~~~~~


✘ [ERROR] NG1: Object is possibly 'null'. [plugin angular-compiler]

    src/app/noteease-main.component.html:69:35:
      69 │           [(ngModel)]="editingNote.title"
         ╵                                    ~~~~~

  Error occurs in the template of component NoteeaseMainComponent.

    src/app/noteease-main.component.ts:20:15:
      20 │   templateUrl: './noteease-main.component.html',
         ╵                ~~~~~~~~~~~~~~~~~~~~~~~~~~~~~~~~


✘ [ERROR] NG1: Object is possibly 'null'. [plugin angular-compiler]

    src/app/noteease-main.component.html:69:35:
      69 │           [(ngModel)]="editingNote.title"
         ╵                                    ~~~~~

  Error occurs in the template of component NoteeaseMainComponent.

    src/app/noteease-main.component.ts:20:15:
      20 │   templateUrl: './noteease-main.component.html',
         ╵                ~~~~~~~~~~~~~~~~~~~~~~~~~~~~~~~~


✘ [ERROR] NG1: Object is possibly 'null'. [plugin angular-compiler]

    src/app/noteease-main.component.html:77:35:
      77 │           [(ngModel)]="editingNote.content"
         ╵                                    ~~~~~~~

  Error occurs in the template of component NoteeaseMainComponent.

    src/app/noteease-main.component.ts:20:15:
      20 │   templateUrl: './noteease-main.component.html',
         ╵                ~~~~~~~~~~~~~~~~~~~~~~~~~~~~~~~~


✘ [ERROR] NG1: Object is possibly 'null'. [plugin angular-compiler]

    src/app/noteease-main.component.html:77:35:
      77 │           [(ngModel)]="editingNote.content"
         ╵                                    ~~~~~~~

  Error occurs in the template of component NoteeaseMainComponent.

    src/app/noteease-main.component.ts:20:15:
      20 │   templateUrl: './noteease-main.component.html',
         ╵                ~~~~~~~~~~~~~~~~~~~~~~~~~~~~~~~~


✘ [ERROR] NG1: Object is possibly 'null'. [plugin angular-compiler]

    src/app/noteease-main.component.html:86:35:
      86 │           [(ngModel)]="editingNote.category"
         ╵                                    ~~~~~~~~

  Error occurs in the template of component NoteeaseMainComponent.

    src/app/noteease-main.component.ts:20:15:
      20 │   templateUrl: './noteease-main.component.html',
         ╵                ~~~~~~~~~~~~~~~~~~~~~~~~~~~~~~~~


✘ [ERROR] NG1: Object is possibly 'null'. [plugin angular-compiler]

    src/app/noteease-main.component.html:86:35:
      86 │           [(ngModel)]="editingNote.category"
         ╵                                    ~~~~~~~~

  Error occurs in the template of component NoteeaseMainComponent.

    src/app/noteease-main.component.ts:20:15:
      20 │   templateUrl: './noteease-main.component.html',
         ╵                ~~~~~~~~~~~~~~~~~~~~~~~~~~~~~~~~


✘ [ERROR] NG5: Argument of type 'Note | null' is not assignable to parameter of type 'Note'.
  Type 'null' is not assignable to type 'Note'. [plugin angular-compiler]

    src/app/noteease-main.component.html:97:94:
      97 │ ..."!isCreatingNew" (click)="deleteNote(editingNote)">Delete</button>
         ╵                                         ~~~~~~~~~~~

  Error occurs in the template of component NoteeaseMainComponent.

    src/app/noteease-main.component.ts:20:15:
      20 │   templateUrl: './noteease-main.component.html',
         ╵                ~~~~~~~~~~~~~~~~~~~~~~~~~~~~~~~~


❯ Changes detected. Rebuilding...
✔ Changes detected. Rebuilding...
Application bundle generation failed. [0.422 seconds]

✘ [ERROR] NG1: Object is possibly 'null'. [plugin angular-compiler]

    src/app/noteease-main.component.html:70:35:
      70 │           [(ngModel)]="editingNote.title"
         ╵                                    ~~~~~

  Error occurs in the template of component NoteeaseMainComponent.

    src/app/noteease-main.component.ts:20:15:
      20 │   templateUrl: './noteease-main.component.html',
         ╵                ~~~~~~~~~~~~~~~~~~~~~~~~~~~~~~~~


✘ [ERROR] NG1: Object is possibly 'null'. [plugin angular-compiler]

    src/app/noteease-main.component.html:70:35:
      70 │           [(ngModel)]="editingNote.title"
         ╵                                    ~~~~~

  Error occurs in the template of component NoteeaseMainComponent.

    src/app/noteease-main.component.ts:20:15:
      20 │   templateUrl: './noteease-main.component.html',
         ╵                ~~~~~~~~~~~~~~~~~~~~~~~~~~~~~~~~


✘ [ERROR] NG1: Object is possibly 'null'. [plugin angular-compiler]

    src/app/noteease-main.component.html:78:35:
      78 │           [(ngModel)]="editingNote.content"
         ╵                                    ~~~~~~~

  Error occurs in the template of component NoteeaseMainComponent.

    src/app/noteease-main.component.ts:20:15:
      20 │   templateUrl: './noteease-main.component.html',
         ╵                ~~~~~~~~~~~~~~~~~~~~~~~~~~~~~~~~


✘ [ERROR] NG1: Object is possibly 'null'. [plugin angular-compiler]

    src/app/noteease-main.component.html:78:35:
      78 │           [(ngModel)]="editingNote.content"
         ╵                                    ~~~~~~~

  Error occurs in the template of component NoteeaseMainComponent.

    src/app/noteease-main.component.ts:20:15:
      20 │   templateUrl: './noteease-main.component.html',
         ╵                ~~~~~~~~~~~~~~~~~~~~~~~~~~~~~~~~


✘ [ERROR] NG1: Object is possibly 'null'. [plugin angular-compiler]

    src/app/noteease-main.component.html:87:35:
      87 │           [(ngModel)]="editingNote.category"
         ╵                                    ~~~~~~~~

  Error occurs in the template of component NoteeaseMainComponent.

    src/app/noteease-main.component.ts:20:15:
      20 │   templateUrl: './noteease-main.component.html',
         ╵                ~~~~~~~~~~~~~~~~~~~~~~~~~~~~~~~~


✘ [ERROR] NG1: Object is possibly 'null'. [plugin angular-compiler]

    src/app/noteease-main.component.html:87:35:
      87 │           [(ngModel)]="editingNote.category"
         ╵                                    ~~~~~~~~

  Error occurs in the template of component NoteeaseMainComponent.

    src/app/noteease-main.component.ts:20:15:
      20 │   templateUrl: './noteease-main.component.html',
         ╵                ~~~~~~~~~~~~~~~~~~~~~~~~~~~~~~~~


✘ [ERROR] NG5: Argument of type 'Note | null' is not assignable to parameter of type 'Note'.
  Type 'null' is not assignable to type 'Note'. [plugin angular-compiler]

    src/app/noteease-main.component.html:98:94:
      98 │ ..."!isCreatingNew" (click)="deleteNote(editingNote)">Delete</button>
         ╵                                         ~~~~~~~~~~~

  Error occurs in the template of component NoteeaseMainComponent.

    src/app/noteease-main.component.ts:20:15:
      20 │   templateUrl: './noteease-main.component.html',
         ╵                ~~~~~~~~~~~~~~~~~~~~~~~~~~~~~~~~


❯ Changes detected. Rebuilding...
✔ Changes detected. Rebuilding...
Application bundle generation failed. [0.443 seconds]

✘ [ERROR] NG5: Argument of type 'Note | null' is not assignable to parameter of type 'Note'.
  Type 'null' is not assignable to type 'Note'. [plugin angular-compiler]

    src/app/noteease-main.component.html:100:94:
      100 │ ...!isCreatingNew" (click)="deleteNote(editingNote)">Delete</button>
          ╵                                        ~~~~~~~~~~~

  Error occurs in the template of component NoteeaseMainComponent.

    src/app/noteease-main.component.ts:20:15:
      20 │   templateUrl: './noteease-main.component.html',
         ╵                ~~~~~~~~~~~~~~~~~~~~~~~~~~~~~~~~


❯ Changes detected. Rebuilding...
✔ Changes detected. Rebuilding...
Browser bundles     
Initial chunk files  | Names            |  Raw size
polyfills.js         | polyfills        |  90.20 kB | 
main.js              | main             |  24.34 kB | 
styles.css           | styles           |  95 bytes | 

                     | Initial total    | 114.63 kB


Server bundles      
Initial chunk files  | Names            |  Raw size
polyfills.server.mjs | polyfills.server | 572.91 kB | 
chunk-YA5ONE33.mjs   | -                |  24.93 kB | 
server.mjs           | server           |   1.39 kB | 
main.server.mjs      | main.server      | 800 bytes | 

Application bundle generation complete. [0.328 seconds]

9:56:57 AM [vite] Internal server error: ɵgetOrCreateAngularServerApp is not a function
      at /home/kavia/workspace/code-generation/noteease-36556-78c465d2/noteease_frontend/node_modules/@angular/build/src/tools/vite/middlewares/ssr-middleware.js:30:38
      at process.processTicksAndRejections (node:internal/process/task_queues:95:5)
9:56:57 AM [vite] Internal server error: ɵgetOrCreateAngularServerApp is not a function
      at /home/kavia/workspace/code-generation/noteease-36556-78c465d2/noteease_frontend/node_modules/@angular/build/src/tools/vite/middlewares/ssr-middleware.js:30:38
      at process.processTicksAndRejections (node:internal/process/task_queues:95:5)
9:57:02 AM [vite] (ssr) ✨ new dependencies optimized: @angular/forms
9:57:02 AM [vite] (ssr) ✨ optimized dependencies changed. reloading
Page reload sent to client(s).
